// Jest Snapshot v1, https://goo.gl/fbAQLP

exports[`App navigation Screen Should work as expected to get snapshot 1`] = `null`;
